******************************************************************************
                  TI ARM Linker PC v20.2.7                     
******************************************************************************
>> Linked Thu Dec 12 14:02:54 2024

OUTPUT FILE NAME:   <arm_final_project.out>
ENTRY POINT SYMBOL: "_c_int00_noargs"  address: 00001a35


MEMORY CONFIGURATION

         name            origin    length      used     unused   attr    fill
----------------------  --------  ---------  --------  --------  ----  --------
  FLASH                 00000000   00040000  00001ada  0003e526  R  X
  SRAM                  20000000   00008000  00000205  00007dfb  RW X


SEGMENT ALLOCATION MAP

run origin  load origin   length   init length attrs members
----------  ----------- ---------- ----------- ----- -------
00000000    00000000    00001ae0   00001ae0    r-x
  00000000    00000000    0000026c   0000026c    r-- .intvecs
  0000026c    0000026c    00001856   00001856    r-x .text
  00001ac8    00001ac8    00000018   00000018    r-- .cinit
20000000    20000000    00000205   00000000    rw-
  20000000    20000000    00000200   00000000    rw- .stack
  20000200    20000200    00000005   00000000    rw- .data


SECTION ALLOCATION MAP

 output                                  attributes/
section   page    origin      length       input sections
--------  ----  ----------  ----------   ----------------
.intvecs   0    00000000    0000026c     
                  00000000    0000026c     tm4c123gh6pm_startup_ccs.obj (.intvecs)

.text      0    0000026c    00001856     
                  0000026c    00000f08     NVIC.obj (.text)
                  00001174    0000021c     main.obj (.text)
                  00001390    000001b6     rtsv7M4_T_le_v4SPD16_eabi.lib : fd_add_t2.asm.obj (.text)
                  00001546    00000136                                   : fd_div_t2.asm.obj (.text)
                  0000167c    00000130     SysTick.obj (.text)
                  000017ac    000000fc     rtsv7M4_T_le_v4SPD16_eabi.lib : fd_mul_t2.asm.obj (.text)
                  000018a8    0000009c                                   : memcpy_t2.asm.obj (.text)
                  00001944    00000068                                   : copy_decompress_lzss.c.obj (.text:decompress:lzss:__TI_decompress_lzss)
                  000019ac    00000044                                   : autoinit.c.obj (.text:__TI_auto_init_nobinit_nopinit:__TI_auto_init_nobinit_nopinit)
                  000019f0    00000044                                   : fd_tou_t2.asm.obj (.text)
                  00001a34    00000034                                   : boot_cortex_m.c.obj (.text:_c_int00_noargs:_c_int00_noargs)
                  00001a68    00000020                                   : u_tofd_t2.asm.obj (.text)
                  00001a88    00000018                                   : ll_mul_t2.asm.obj (.text)
                  00001aa0    0000000e                                   : copy_decompress_none.c.obj (.text:decompress:none:__TI_decompress_none)
                  00001aae    0000000c     tm4c123gh6pm_startup_ccs.obj (.text)
                  00001aba    00000004     rtsv7M4_T_le_v4SPD16_eabi.lib : pre_init.c.obj (.text:_system_pre_init)
                  00001abe    00000004                                   : exit.c.obj (.text:abort:abort)

.cinit     0    00001ac8    00000018     
                  00001ac8    00000008     (__TI_handler_table)
                  00001ad0    00000007     (.cinit..data.load) [load image, compression = lzss]
                  00001ad7    00000001     --HOLE-- [fill = 0]
                  00001ad8    00000008     (__TI_cinit_table)

.init_array 
*          0    00000000    00000000     UNINITIALIZED

.data      0    20000200    00000005     UNINITIALIZED
                  20000200    00000004     SysTick.obj (.data)
                  20000204    00000001     main.obj (.data)

.stack     0    20000000    00000200     UNINITIALIZED
                  20000000    00000004     rtsv7M4_T_le_v4SPD16_eabi.lib : boot_cortex_m.c.obj (.stack)
                  20000004    000001fc     --HOLE--

__llvm_prf_cnts 
*          0    20000000    00000000     UNINITIALIZED

MODULE SUMMARY

       Module                         code   ro data   rw data
       ------                         ----   -------   -------
    .\
       NVIC.obj                       3848   0         0      
       tm4c123gh6pm_startup_ccs.obj   12     620       0      
       main.obj                       540    0         1      
       SysTick.obj                    304    0         4      
    +--+------------------------------+------+---------+---------+
       Total:                         4704   620       5      
                                                              
    C:\ti\ccs1281\ccs\tools\compiler\ti-cgt-arm_20.2.7.LTS\lib\rtsv7M4_T_le_v4SPD16_eabi.lib
       fd_add_t2.asm.obj              438    0         0      
       fd_div_t2.asm.obj              310    0         0      
       fd_mul_t2.asm.obj              252    0         0      
       memcpy_t2.asm.obj              156    0         0      
       copy_decompress_lzss.c.obj     104    0         0      
       autoinit.c.obj                 68     0         0      
       fd_tou_t2.asm.obj              68     0         0      
       boot_cortex_m.c.obj            52     0         0      
       u_tofd_t2.asm.obj              32     0         0      
       ll_mul_t2.asm.obj              24     0         0      
       copy_decompress_none.c.obj     14     0         0      
       exit.c.obj                     4      0         0      
       pre_init.c.obj                 4      0         0      
    +--+------------------------------+------+---------+---------+
       Total:                         1526   0         0      
                                                              
       Stack:                         0      0         512    
       Linker Generated:              0      23        0      
    +--+------------------------------+------+---------+---------+
       Grand Total:                   6230   643       517    


LINKER GENERATED COPY TABLES

__TI_cinit_table @ 00001ad8 records: 1, size/record: 8, table size: 8
	.data: load addr=00001ad0, load size=00000007 bytes, run addr=20000200, run size=00000005 bytes, compression=lzss


LINKER GENERATED HANDLER TABLE

__TI_handler_table @ 00001ac8 records: 2, size/record: 4, table size: 8
	index: 0, handler: __TI_decompress_lzss
	index: 1, handler: __TI_decompress_none


GLOBAL SYMBOLS: SORTED ALPHABETICALLY BY Name 

address   name                          
-------   ----                          
00001abf  C$$EXIT                       
00001175  Delay_MS                      
000011b5  GPIOPortF_Handler             
00001275  Leds_Init                     
00001065  NVIC_DisableException         
0000032b  NVIC_DisableIRQ               
00001011  NVIC_EnableException          
0000026d  NVIC_EnableIRQ                
000010b9  NVIC_SetPriorityException     
00000411  NVIC_SetPriorityIRQ           
00001aaf  ResetISR                      
000011e5  SW2_Init                      
000012b3  SysTick_CallBackFunc          
0000177d  SysTick_DeInit                
00001759  SysTick_Handler               
0000167d  SysTick_Init                  
00001769  SysTick_SetCallBack           
0000177b  SysTick_Start                 
000016e7  SysTick_StartBusyWait         
00001779  SysTick_Stop                  
20000200  __STACK_END                   
00000200  __STACK_SIZE                  
20000200  __STACK_TOP                   
00001ad8  __TI_CINIT_Base               
00001ae0  __TI_CINIT_Limit              
00001ac8  __TI_Handler_Table_Base       
00001ad0  __TI_Handler_Table_Limit      
000019ad  __TI_auto_init_nobinit_nopinit
00001945  __TI_decompress_lzss          
00001aa1  __TI_decompress_none          
ffffffff  __TI_pprof_out_hndl           
ffffffff  __TI_prof_data_size           
ffffffff  __TI_prof_data_start          
00000000  __TI_static_base__            
000019f1  __aeabi_d2uiz                 
0000139b  __aeabi_dadd                  
00001547  __aeabi_ddiv                  
000017ad  __aeabi_dmul                  
00001391  __aeabi_dsub                  
00001a89  __aeabi_lmul                  
000018a9  __aeabi_memcpy                
000018a9  __aeabi_memcpy4               
000018a9  __aeabi_memcpy8               
00001a69  __aeabi_ui2d                  
ffffffff  __binit__                     
ffffffff  __c_args__                    
UNDEFED   __mpu_init                    
20000000  __stack                       
20000000  __start___llvm_prf_cnts       
20000000  __stop___llvm_prf_cnts        
00001a35  _c_int00_noargs               
UNDEFED   _system_post_cinit            
00001abb  _system_pre_init              
00001abf  abort                         
ffffffff  binit                         
20000204  g_Counter                     
00000000  g_pfnVectors                  
0000130d  main                          
000018a9  memcpy                        


GLOBAL SYMBOLS: SORTED BY Symbol Address 

address   name                          
-------   ----                          
00000000  __TI_static_base__            
00000000  g_pfnVectors                  
00000200  __STACK_SIZE                  
0000026d  NVIC_EnableIRQ                
0000032b  NVIC_DisableIRQ               
00000411  NVIC_SetPriorityIRQ           
00001011  NVIC_EnableException          
00001065  NVIC_DisableException         
000010b9  NVIC_SetPriorityException     
00001175  Delay_MS                      
000011b5  GPIOPortF_Handler             
000011e5  SW2_Init                      
00001275  Leds_Init                     
000012b3  SysTick_CallBackFunc          
0000130d  main                          
00001391  __aeabi_dsub                  
0000139b  __aeabi_dadd                  
00001547  __aeabi_ddiv                  
0000167d  SysTick_Init                  
000016e7  SysTick_StartBusyWait         
00001759  SysTick_Handler               
00001769  SysTick_SetCallBack           
00001779  SysTick_Stop                  
0000177b  SysTick_Start                 
0000177d  SysTick_DeInit                
000017ad  __aeabi_dmul                  
000018a9  __aeabi_memcpy                
000018a9  __aeabi_memcpy4               
000018a9  __aeabi_memcpy8               
000018a9  memcpy                        
00001945  __TI_decompress_lzss          
000019ad  __TI_auto_init_nobinit_nopinit
000019f1  __aeabi_d2uiz                 
00001a35  _c_int00_noargs               
00001a69  __aeabi_ui2d                  
00001a89  __aeabi_lmul                  
00001aa1  __TI_decompress_none          
00001aaf  ResetISR                      
00001abb  _system_pre_init              
00001abf  C$$EXIT                       
00001abf  abort                         
00001ac8  __TI_Handler_Table_Base       
00001ad0  __TI_Handler_Table_Limit      
00001ad8  __TI_CINIT_Base               
00001ae0  __TI_CINIT_Limit              
20000000  __stack                       
20000000  __start___llvm_prf_cnts       
20000000  __stop___llvm_prf_cnts        
20000200  __STACK_END                   
20000200  __STACK_TOP                   
20000204  g_Counter                     
ffffffff  __TI_pprof_out_hndl           
ffffffff  __TI_prof_data_size           
ffffffff  __TI_prof_data_start          
ffffffff  __binit__                     
ffffffff  __c_args__                    
ffffffff  binit                         
UNDEFED   __mpu_init                    
UNDEFED   _system_post_cinit            

[59 symbols]
